../Core/Inc/Arduino_Wrapper.h:17:6:void println(const char*)	16	static
../Core/Inc/Arduino_Wrapper.h:21:6:void delayMicroseconds(uint32_t)	24	static
../Core/Inc/Pixy2UART.h:32:7:void Link2UART::close()	16	static
../Core/Inc/Pixy2UART.h:35:10:int16_t Link2UART::recv(uint8_t*, uint8_t, uint16_t*)	32	static
../Core/Inc/Pixy2UART.h:55:10:int16_t Link2UART::send(uint8_t*, uint8_t)	24	static
../Core/Inc/Playground.h:45:2:Car::Car()	24	static
../Core/Inc/Playground.h:54:7:void Car::clear_position()	24	static
../Core/Inc/Playground.h:65:7:void Car::update_position(uint16_t, uint16_t)	40	static
../Core/Inc/Playground.h:103:11:Position Car::get_position() const	16	static
../Core/Inc/Playground.h:119:7:void Playground::init()	24	static
../Core/Inc/Playground.h:132:7:void Playground::start_video()	56	static
../Core/Inc/Playground.h:152:7:void Playground::clear()	24	static
../Core/Inc/Playground.h:165:7:void Playground::generate_random_spots(uint8_t)	32	static
../Core/Inc/Playground.h:182:7:bool Playground::check_occupency(uint8_t, const Position&)	24	static
../Core/Inc/Playground.h:197:7:void Playground::occupy(uint8_t, uint8_t)	32	static
../Core/Inc/Playground.h:208:7:bool Playground::is_all_occupied()	16	static
../Core/Inc/Playground.h:212:7:void Playground::display_result()	48	static
../Core/Inc/Playground.h:223:7:void Playground::APA102_SendFrame()	32	static
../Core/Inc/Playground.h:241:7:void Playground::set_led(int, uint8_t, uint8_t, uint8_t, uint8_t)	24	static
../Core/Inc/Playground.h:250:7:void Playground::clear_leds()	32	static
../Core/Src/main.cpp:88:5:int main()	56	static
../Core/Src/main.cpp:219:6:void SystemClock_Config()	96	static
../Core/Src/main.cpp:264:13:void MX_LPUART1_UART_Init()	8	static
../Core/Src/main.cpp:312:13:void MX_USART2_UART_Init()	8	static
../Core/Src/main.cpp:360:13:void MX_USART3_UART_Init()	8	static
../Core/Src/main.cpp:408:13:void MX_SPI1_Init()	8	static
../Core/Src/main.cpp:448:13:void MX_SPI2_Init()	8	static
../Core/Src/main.cpp:488:13:void MX_GPIO_Init()	56	static
../Core/Src/main.cpp:561:1:int __io_putchar(int)	16	static
../Core/Src/main.cpp:566:6:void DWT_Init()	4	static
../Core/Src/main.cpp:572:6:bool is_button_pressed()	16	static
../Core/Src/main.cpp:599:6:void Error_Handler()	4	static,ignoring_inline_asm
../Core/Inc/TPixy2.h:125:1:TPixy2<LinkType>::TPixy2() [with LinkType = Link2UART]	16	static
../Core/Inc/Pixy2CCC.h:104:8:int8_t Pixy2CCC<LinkType>::getBlocks(bool, uint8_t, uint8_t) [with LinkType = Link2UART]	16	static
../Core/Inc/Pixy2CCC.h:89:3:Pixy2CCC<LinkType>::Pixy2CCC(TPixy2<LinkType>*) [with LinkType = Link2UART]	16	static
../Core/Inc/Pixy2Line.h:113:2:Pixy2Line<LinkType>::Pixy2Line(TPixy2<LinkType>*) [with LinkType = Link2UART]	16	static
../Core/Inc/Pixy2Video.h:33:3:Pixy2Video<LinkType>::Pixy2Video(TPixy2<LinkType>*) [with LinkType = Link2UART]	16	static
../Core/Inc/TPixy2.h:249:9:int16_t TPixy2<LinkType>::sendPacket() [with LinkType = Link2UART]	16	static
../Core/Inc/TPixy2.h:205:34:int16_t TPixy2<LinkType>::recvPacket() [with LinkType = Link2UART]	24	static
../Core/Inc/TPixy2.h:165:34:int16_t TPixy2<LinkType>::getSync() [with LinkType = Link2UART]	32	static
../Core/Src/main.cpp:607:1:void __static_initialization_and_destruction_0()	16	static
../Core/Src/main.cpp:607:1:void __static_initialization_and_destruction_1()	8	static
../Core/Inc/TPixy2.h:136:1:TPixy2<LinkType>::~TPixy2() [with LinkType = Link2UART]	16	static
../Core/Src/main.cpp:607:1:cpp)	8	static
../Core/Src/main.cpp:607:1:cpp)	8	static
