../Core/Src/main.c:109:6:i2c_scan	16	static
../Core/Src/main.c:125:6:HAL_UART_RxCpltCallback	24	static
../Core/Src/main.c:151:6:i2c_bus_reset	32	static
../Core/Src/main.c:182:5:main	64	static
../Core/Src/main.c:345:6:SystemClock_Config	88	static
../Core/Src/main.c:392:13:MX_I2C1_Init	8	static
../Core/Src/main.c:426:13:MX_TIM3_Init	48	static
../Core/Src/main.c:484:13:MX_TIM4_Init	64	static
../Core/Src/main.c:552:13:MX_USART2_UART_Init	8	static
../Core/Src/main.c:585:13:MX_USART6_UART_Init	8	static
../Core/Src/main.c:616:13:MX_DMA_Init	16	static
../Core/Src/main.c:634:13:MX_GPIO_Init	48	static
../Core/Src/main.c:683:6:motor_forward	8	static
../Core/Src/main.c:690:6:dyna_forward	16	static
../Core/Src/main.c:697:6:dyna_backward	16	static
../Core/Src/main.c:704:6:dyna_right_spin	16	static
../Core/Src/main.c:712:6:dyna_left_spin	16	static
../Core/Src/main.c:720:6:motor_stop	4	static
../Core/Src/main.c:725:6:curve_control	152	static
../Core/Src/main.c:765:19:check_I2C_device	16	static
../Core/Src/main.c:769:6:test_I2C_devices	8	static
../Core/Src/main.c:784:6:read_accelerometer	56	static
../Core/Src/main.c:804:6:read_gyroscope	56	static
../Core/Src/main.c:824:6:read_magnetometer	56	static
../Core/Src/main.c:844:6:init_magnetometer	32	static
../Core/Src/main.c:858:6:init_accelerometer	32	static
../Core/Src/main.c:868:6:init_gyroscope	32	static
../Core/Src/main.c:878:6:set_pwm	16	static
../Core/Src/main.c:905:6:BT_Transmit	16	static
../Core/Src/main.c:916:1:__io_putchar	16	static
../Core/Src/main.c:927:6:Error_Handler	4	static,ignoring_inline_asm
