../Core/Src/main.c:109:6:i2c_scan	16	static
../Core/Src/main.c:125:6:HAL_UART_RxCpltCallback	32	static
../Core/Src/main.c:160:6:i2c_bus_reset	32	static
../Core/Src/main.c:191:5:main	64	static
../Core/Src/main.c:361:6:SystemClock_Config	88	static
../Core/Src/main.c:405:13:MX_I2C1_Init	8	static
../Core/Src/main.c:437:13:MX_TIM3_Init	48	static
../Core/Src/main.c:493:13:MX_TIM4_Init	64	static
../Core/Src/main.c:557:13:MX_USART2_UART_Init	8	static
../Core/Src/main.c:588:13:MX_USART6_UART_Init	8	static
../Core/Src/main.c:617:13:MX_DMA_Init	16	static
../Core/Src/main.c:634:13:MX_GPIO_Init	48	static
../Core/Src/main.c:682:6:motor_forward	8	static
../Core/Src/main.c:689:6:dyna_forward	16	static
../Core/Src/main.c:696:6:dyna_backward	16	static
../Core/Src/main.c:703:6:dyna_right_spin	16	static
../Core/Src/main.c:711:6:dyna_left_spin	16	static
../Core/Src/main.c:719:6:motor_stop	4	static
../Core/Src/main.c:724:6:curve_control	152	static
../Core/Src/main.c:766:19:check_I2C_device	16	static
../Core/Src/main.c:770:6:test_I2C_devices	8	static
../Core/Src/main.c:785:6:read_accelerometer	56	static
../Core/Src/main.c:805:6:read_gyroscope	56	static
../Core/Src/main.c:825:6:read_magnetometer	56	static
../Core/Src/main.c:845:6:init_magnetometer	32	static
../Core/Src/main.c:859:6:init_accelerometer	32	static
../Core/Src/main.c:869:6:init_gyroscope	32	static
../Core/Src/main.c:879:6:set_pwm	16	static
../Core/Src/main.c:906:6:BT_Transmit	16	static
../Core/Src/main.c:916:1:__io_putchar	16	static
../Core/Src/main.c:927:6:Error_Handler	4	static,ignoring_inline_asm
